// Jest Snapshot v1, https://goo.gl/fbAQLP

exports[`Blog Post List Item renders correctly 1`] = `
.emotion-0:not(:last-child) {
  margin-bottom: 1.5rem;
}

<div
  className="emotion-0"
>
  <a
    href="/test"
  >
    <h2>
      Test Post
    </h2>
  </a>
  <script
    type="application/ld+json"
  >
    Object {
    "@context": "http://schema.org",
    "@id": "http://example.dev/test",
    "@type": "BlogPosting",
    "datePublished": "December 18, 2018",
    "headline": "Test Post",
    "mainEntityOfPage": "http://example.dev/test",
    "name": "Test Post",
  }
  </script>
  <div>
    <span>
      Published 
      December 18, 2018
    </span>
  </div>
</div>
`;
