// Jest Snapshot v1, https://goo.gl/fbAQLP

exports[`Base Layout renders correctly 1`] = `
<main>
  <span>
    Test
  </span>
</main>
`;

exports[`Base Layout renders correctly 2`] = `
<html
  lang="en"
>
  <head>
    <meta
      content=""
      data-rh={true}
      property="og:title"
    />
    <title
      data-rh={true}
    >
      
    </title>
  </head>
  <body />
</html>
`;
